app/wallet/page.tsx(12,40): error TS2339: Property 'user' does not exist on type 'GamificationContextType'.
components/auth/signup-form.tsx(53,41): error TS2345: Argument of type '{ email: string; first_name: string; last_name: string; name: string; role: string; }' is not assignable to parameter of type 'UserProfile'.
  Type '{ email: string; first_name: string; last_name: string; name: string; role: string; }' is missing the following properties from type 'UserProfile': balance, xp
lib/firebase.ts(153,15): error TS2739: Type '{ email: string; name: string; role: string; created_at: FieldValue; updated_at: FieldValue; last_sign_in_at: FieldValue; }' is missing the following properties from type 'UserProfile': balance, xp
lib/firebase.ts(210,45): error TS2345: Argument of type '{ email: string; name: string; first_name: string; last_name: string; photoURL: string | null; avatar_url: string | null; role: string; likedBlogs: never[]; activity: never[]; blogCount: number; created_at: FieldValue; updated_at: FieldValue; last_sign_in_at: FieldValue; }' is not assignable to parameter of type 'UserProfile'.
  Type '{ email: string; name: string; first_name: string; last_name: string; photoURL: string | null; avatar_url: string | null; role: string; likedBlogs: never[]; activity: never[]; blogCount: number; created_at: FieldValue; updated_at: FieldValue; last_sign_in_at: FieldValue; }' is missing the following properties from type 'UserProfile': balance, xp
lib/firebase.ts(394,13): error TS2345: Argument of type '{ email: string | null; name: string; first_name: string; last_name: string; photoURL: string | null; avatar_url: string | null; role: string; likedBlogs: never[]; activity: never[]; blogCount: number; created_at: FieldValue; updated_at: FieldValue; last_sign_in_at: FieldValue; }' is not assignable to parameter of type 'UserProfile'.
  Type '{ email: string | null; name: string; first_name: string; last_name: string; photoURL: string | null; avatar_url: string | null; role: string; likedBlogs: never[]; activity: never[]; blogCount: number; created_at: FieldValue; updated_at: FieldValue; last_sign_in_at: FieldValue; }' is missing the following properties from type 'UserProfile': balance, xp
lib/firebase.ts(1218,45): error TS2345: Argument of type '{ email: string; name: string; first_name: string; last_name: string; photoURL: string | null; avatar_url: string | null; role: string; likedBlogs: never[]; activity: never[]; blogCount: number; created_at: FieldValue; updated_at: FieldValue; last_sign_in_at: FieldValue; }' is not assignable to parameter of type 'UserProfile'.
  Type '{ email: string; name: string; first_name: string; last_name: string; photoURL: string | null; avatar_url: string | null; role: string; likedBlogs: never[]; activity: never[]; blogCount: number; created_at: FieldValue; updated_at: FieldValue; last_sign_in_at: FieldValue; }' is missing the following properties from type 'UserProfile': balance, xp
